<!DOCTYPE html>
<html>
<head>
    
    <title>dev title</title>
    

  

</head>
<body>
  <h1>/Users/joverson</h1>
  <h2>!foobar!
</h2>
</body>
</html>
